[fig6b-measure] running lightweight L=100, steps=266
[f’f] ‰Šú Gaussian weight ‚Ì•W€•Î·: 4.99911 lattice sites
[fig6b-measure] finished L=100: T_lat=0.418796
[fig6b-measure] running lightweight L=200, steps=533
[f’f] ‰Šú Gaussian weight ‚Ì•W€•Î·: 9.9978 lattice sites
[fig6b-measure] finished L=200: T_lat=0.826766
[fig6b-measure] running lightweight L=300, steps=799
[f’f] ‰Šú Gaussian weight ‚Ì•W€•Î·: 14.9965 lattice sites
[fig6b-measure] finished L=300: T_lat=1.09995
[fig6b-measure] running lightweight L=400, steps=1066
[f’f] ‰Šú Gaussian weight ‚Ì•W€•Î·: 19.9951 lattice sites
[fig6b-measure] finished L=400: T_lat=1.28679
[fig6b-measure] running lightweight L=500, steps=1333
[f’f] ‰Šú Gaussian weight ‚Ì•W€•Î·: 24.9938 lattice sites
[fig6b-measure] finished L=500: T_lat=1.50652
[fig6b-measure] running lightweight L=600, steps=1599
[f’f] ‰Šú Gaussian weight ‚Ì•W€•Î·: 29.9925 lattice sites
[fig6b-measure] finished L=600: T_lat=1.70243
[fig6b-measure] running lightweight L=700, steps=1866
[f’f] ‰Šú Gaussian weight ‚Ì•W€•Î·: 34.9911 lattice sites
[fig6b-measure] finished L=700: T_lat=1.86828
[fig6b-measure] running lightweight L=800, steps=2133
[f’f] ‰Šú Gaussian weight ‚Ì•W€•Î·: 39.9898 lattice sites
[fig6b-measure] finished L=800: T_lat=2.04849
[fig6b-measure] measured L=100: T_lat=0.418796, t_in=3.3312, t_min=3.75
[fig6b-measure] measured L=200: T_lat=0.826766, t_in=3.25323, t_min=4.08
[fig6b-measure] measured L=300: T_lat=1.09995, t_in=3.24005, t_min=4.34
[fig6b-measure] measured L=400: T_lat=1.28679, t_in=3.23571, t_min=4.5225
[fig6b-measure] measured L=500: T_lat=1.50652, t_in=3.23348, t_min=4.74
[fig6b-measure] measured L=600: T_lat=1.70243, t_in=3.23257, t_min=4.935
[fig6b-measure] measured L=700: T_lat=1.86828, t_in=3.23172, t_min=5.1
[fig6b-measure] measured L=800: T_lat=2.04849, t_in=3.23151, t_min=5.28
[fig6b-measure] wrote -> C:\Users\ymats\ƒhƒLƒ…ƒƒ“ƒg\Simulating_Black_Holes\paper_figures\measured_data\T_lat_measured_L800.csv
[fig6b-measure] saved -> C:\Users\ymats\ƒhƒLƒ…ƒƒ“ƒg\Simulating_Black_Holes\paper_figures\generated\panels\FIG6\FIG6_measured_L800.png
