This is pdfTeX, Version 3.141592653-2.6-1.40.29 (TeX Live 2026) (preloaded format=pdflatex 2026.5.6)  22 AUG 2026 15:56
entering extended mode
 restricted \write18 enabled.
 %&-line parsing enabled.
**main_revised_colorplot_preview.tex
(./main_revised_colorplot_preview.tex
LaTeX2e <2025-11-01>
L3 programming layer <2026-03-20>
(c:/Users/ymats/TinyTeX/texmf-dist/tex/latex/revtex/revtex4-2.cls
Document Class: revtex4-2 2022/06/05 4.2f (https://journals.aps.org/revtex/ for documentation)
 Copyright (c) 2019 American Physical Society.
 mailto:revtex@aps.org
 Licensed under the LPPL:
http://www.ctan.org/tex-archive/macros/latex/base/lppl.txt
 Arthur Ogawa <arthur_ogawa at sbcglobal dot net>
 Based on work by David Carlisle <david at dcarlisle.demon.co.uk>
 Version (4.2d--4.2f): Modified by Mark Doyle and Phelype Oleinik
 .
ltxutil[2022/06/05 4.2f utilities package (portions licensed from W. E. Baxter web at superscript.com)]
LaTeX Info: Redefining \@centercr on input line 356.
Class revtex4-2 Info: Repairing hyperref-unfriendly LaTeX definition of \mpfootnote on input line 492.
Class revtex4-2 Info: Repairing broken LateX \@sect on input line 814.
\intertabularlinepenalty=\count275
\@tbpen=\count276
\@arstrutbox@hline=\box53
Class revtex4-2 Info: Repairing broken LaTeX \@xbitor on input line 1845.
Class revtex4-2 Info: Making \typeout \long on input line 2110.
ltxfront[2022/06/05 4.2f frontmatter package (AO,DPC,MD)]
\c@affil=\count277
\c@collab=\count278
\absbox=\box54
ltxgrid[2022/06/05 4.2f page grid package (portions licensed from W. E. Baxter web at superscript.com)]
\c@linecount=\count279
\output@latex=\toks17
\box@size@1=\box55
\box@size@2=\box56
\@protection@box=\box57
\@topmark@saved=\toks18
\footins@saved=\box58
\footins@recovered=\box59
\column@recovered=\box60
\pagesofar=\box61
\footsofar=\box62
\pagegrid@col=\count280
Class revtex4-2 Info: Overriding \@vspace, \@vspacer, \@no@pgbk, \@newline, and \\  on input line 5676.
\c@part=\count281
\c@section=\count282
\c@subsection=\count283
\c@subsubsection=\count284
\c@paragraph=\count285
\c@subparagraph=\count286
\abovecaptionskip=\skip49
\belowcaptionskip=\skip50
\c@figure=\count287
\fbox@1=\box63
\c@table=\count288
\fbox@2=\box64
\c@video=\count289
\fbox@4=\box65
\@bibdataout=\write3
\widetext@top=\box66
\widetext@bot=\box67
Class revtex4-2 Info: Selecting society aps on input line 7669.
(c:/Users/ymats/TinyTeX/texmf-dist/tex/latex/revtex/aps4-2.rtx
File: aps4-2 2022/06/05 4.2f (https://journals.aps.org/revtex/ for documentation)
Class revtex4-2 Info: RevTeX society APS selected on input line 40.
)
Class revtex4-2 Info: Selecting journal prb on input line 7671.
Class revtex4-2 Info: APS journal PRB selected on input line 7672.
 (c:/Users/ymats/TinyTeX/texmf-dist/tex/latex/revtex/aps10pt4-2.rtx
File: aps10pt4-2 2022/06/05 4.2f (https://journals.aps.org/revtex/ for documentation)
Class revtex4-2 Info: RevTeX pointsize 10pt selected on input line 39.
) (c:/Users/ymats/TinyTeX/texmf-dist/tex/latex/textcase/textcase.sty
Package: textcase 2025/02/16 v1.05 Text only upper/lower case changing (DPC)
Package textcase Info: Defining Legacy names on input line 20.
) (c:/Users/ymats/TinyTeX/texmf-dist/tex/latex/amsfonts/amssymb.sty
Package: amssymb 2013/01/14 v3.01 AMS font symbols
 (c:/Users/ymats/TinyTeX/texmf-dist/tex/latex/amsfonts/amsfonts.sty
Package: amsfonts 2013/01/14 v3.01 Basic AMSFonts support
\@emptytoks=\toks19
\symAMSa=\mathgroup4
\symAMSb=\mathgroup5
LaTeX Font Info:    Redeclaring math symbol \hbar on input line 98.
LaTeX Font Info:    Overwriting math alphabet `\mathfrak' in version `bold'
(Font)                  U/euf/m/n --> U/euf/b/n on input line 106.
)) (c:/Users/ymats/TinyTeX/texmf-dist/tex/latex/amsmath/amsmath.sty
Package: amsmath 2025/07/09 v2.17z AMS math features
\@mathmargin=\skip51

For additional information on amsmath, use the `?' option.
(c:/Users/ymats/TinyTeX/texmf-dist/tex/latex/amsmath/amstext.sty
Package: amstext 2024/11/17 v2.01 AMS text
 (c:/Users/ymats/TinyTeX/texmf-dist/tex/latex/amsmath/amsgen.sty
File: amsgen.sty 1999/11/30 v2.0 generic functions
\@emptytoks=\toks20
\ex@=\dimen150
)
LaTeX Info: Redefining \text on input line 28.
) (c:/Users/ymats/TinyTeX/texmf-dist/tex/latex/amsmath/amsbsy.sty
Package: amsbsy 1999/11/29 v1.2d Bold Symbols
\pmbraise@=\dimen151
) (c:/Users/ymats/TinyTeX/texmf-dist/tex/latex/amsmath/amsopn.sty
Package: amsopn 2022/04/08 v2.04 operator names
)
\inf@bad=\count290
LaTeX Info: Redefining \frac on input line 233.
\uproot@=\count291
\leftroot@=\count292
LaTeX Info: Redefining \overline on input line 398.
LaTeX Info: Redefining \colon on input line 409.
\classnum@=\count293
\DOTSCASE@=\count294
LaTeX Info: Redefining \ldots on input line 495.
LaTeX Info: Redefining \dots on input line 498.
LaTeX Info: Redefining \cdots on input line 619.
\Mathstrutbox@=\box68
\strutbox@=\box69
LaTeX Info: Redefining \big on input line 721.
LaTeX Info: Redefining \Big on input line 722.
LaTeX Info: Redefining \bigg on input line 723.
LaTeX Info: Redefining \Bigg on input line 724.
\big@size=\dimen152
LaTeX Font Info:    Redeclaring font encoding OML on input line 742.
LaTeX Font Info:    Redeclaring font encoding OMS on input line 743.
\macc@depth=\count295
LaTeX Info: Redefining \bmod on input line 904.
LaTeX Info: Redefining \pmod on input line 909.
LaTeX Info: Redefining \smash on input line 939.
LaTeX Info: Redefining \relbar on input line 969.
LaTeX Info: Redefining \Relbar on input line 970.
\c@MaxMatrixCols=\count296
\dotsspace@=\muskip17
\c@parentequation=\count297
\dspbrk@lvl=\count298
\tag@help=\toks21
\row@=\count299
\column@=\count300
\maxfields@=\count301
\andhelp@=\toks22
\eqnshift@=\dimen153
\alignsep@=\dimen154
\tagshift@=\dimen155
\tagwidth@=\dimen156
\totwidth@=\dimen157
\lineht@=\dimen158
\@envbody=\toks23
\multlinegap=\skip52
\multlinetaggap=\skip53
\mathdisplay@stack=\toks24
LaTeX Info: Redefining \[ on input line 2950.
LaTeX Info: Redefining \] on input line 2951.
) (c:/Users/ymats/TinyTeX/texmf-dist/tex/latex/url/url.sty
\Urlmuskip=\muskip18
Package: url 2013/09/16  ver 3.4  Verb mode for urls, etc.
) (c:/Users/ymats/TinyTeX/texmf-dist/tex/latex/natbib/natbib.sty
Package: natbib 2010/09/13 8.31b (PWD, AO)
\bibhang=\skip54
\bibsep=\skip55
LaTeX Info: Redefining \cite on input line 694.
\c@NAT@ctr=\count302
)
Class revtex4-2 Info: Repairing natbib's \BibitemShut on input line 7676.
 (c:/Users/ymats/TinyTeX/texmf-dist/tex/latex/revtex/revsymb4-2.sty
Package: revsymb4-2 2022/06/05 4.2f (https://journals.aps.org/revtex/ for documentation)
LaTeX Info: Redefining \frak on input line 104.
LaTeX Info: Redefining \Bbb on input line 120.
LaTeX Info: Redefining \REV@mathfrak on input line 128.
)) (c:/Users/ymats/TinyTeX/texmf-dist/tex/latex/graphics/graphicx.sty
Package: graphicx 2024/12/31 v1.2e Enhanced LaTeX Graphics (DPC,SPQR)
 (c:/Users/ymats/TinyTeX/texmf-dist/tex/latex/graphics/keyval.sty
Package: keyval 2022/05/29 v1.15 key=value parser (DPC)
\KV@toks@=\toks25
) (c:/Users/ymats/TinyTeX/texmf-dist/tex/latex/graphics/graphics.sty
Package: graphics 2024/08/06 v1.4g Standard LaTeX Graphics (DPC,SPQR)
 (c:/Users/ymats/TinyTeX/texmf-dist/tex/latex/graphics/trig.sty
Package: trig 2023/12/02 v1.11 sin cos tan (DPC)
) (c:/Users/ymats/TinyTeX/texmf-dist/tex/latex/graphics-cfg/graphics.cfg
File: graphics.cfg 2016/06/04 v1.11 sample graphics configuration
)
Package graphics Info: Driver file: pdftex.def on input line 106.
 (c:/Users/ymats/TinyTeX/texmf-dist/tex/latex/graphics-def/pdftex.def
File: pdftex.def 2025/09/29 v1.2d Graphics/color driver for pdftex
))
\Gin@req@height=\dimen159
\Gin@req@width=\dimen160
) (c:/Users/ymats/TinyTeX/texmf-dist/tex/latex/tools/dcolumn.sty
Package: dcolumn 2025/10/21 v1.06 decimal alignment package (DPC)
 (c:/Users/ymats/TinyTeX/texmf-dist/tex/latex/tools/array.sty
Package: array 2025/09/25 v2.6n Tabular extension package (FMi)
\col@sep=\dimen161
\ar@mcellbox=\box70
\extrarowheight=\dimen162
\NC@list=\toks26
\extratabsurround=\skip56
\backup@length=\skip57
\ar@cellbox=\box71
)) (c:/Users/ymats/TinyTeX/texmf-dist/tex/latex/tools/bm.sty
Package: bm 2025/10/21 v1.2g Bold Symbol Support (DPC/FMi)
\symboldoperators=\mathgroup6
\symboldletters=\mathgroup7
\symboldsymbols=\mathgroup8
Package bm Info: No bold for \OMX/cmex/m/n, using \pmb.
Package bm Info: No bold for \U/msa/m/n, using \pmb.
Package bm Info: No bold for \U/msb/m/n, using \pmb.
LaTeX Font Info:    Redeclaring math alphabet \mathbf on input line 149.
LaTeX Info: Redefining \bm on input line 219.
) (c:/Users/ymats/TinyTeX/texmf-dist/tex/latex/braket/braket.sty) (c:/Users/ymats/TinyTeX/texmf-dist/tex/latex/xcolor/xcolor.sty
Package: xcolor 2024/09/29 v3.02 LaTeX color extensions (UK)
 (c:/Users/ymats/TinyTeX/texmf-dist/tex/latex/graphics-cfg/color.cfg
File: color.cfg 2016/01/02 v1.6 sample color configuration
)
Package xcolor Info: Driver file: pdftex.def on input line 274.
 (c:/Users/ymats/TinyTeX/texmf-dist/tex/latex/graphics/mathcolor.ltx)
Package xcolor Info: Model `cmy' substituted by `cmy0' on input line 1349.
Package xcolor Info: Model `hsb' substituted by `rgb' on input line 1353.
Package xcolor Info: Model `RGB' extended on input line 1365.
Package xcolor Info: Model `HTML' substituted by `rgb' on input line 1367.
Package xcolor Info: Model `Hsb' substituted by `hsb' on input line 1368.
Package xcolor Info: Model `tHsb' substituted by `hsb' on input line 1369.
Package xcolor Info: Model `HSB' substituted by `hsb' on input line 1370.
Package xcolor Info: Model `Gray' substituted by `gray' on input line 1371.
Package xcolor Info: Model `wave' substituted by `hsb' on input line 1372.
)
\whiteholepanelheight=\skip58
Class revtex4-2 Info: Unrecognized array package. Please update this document class! (Proceeding with fingers crossed.) on input line 17.
Class revtex4-2 Info: cite was not loaded (OK!) on input line 17.
Class revtex4-2 Info: mcite was not loaded (OK!) on input line 17.
Class revtex4-2 Info: multicol was not loaded (OK!) on input line 17.
 (c:/Users/ymats/TinyTeX/texmf-dist/tex/latex/l3backend/l3backend-pdftex.def
File: l3backend-pdftex.def 2026-02-18 L3 backend support: PDF output (pdfTeX)
\l__color_backend_stack_int=\count303
) (./main_revised_colorplot_preview.aux)
\openout1 = `main_revised_colorplot_preview.aux'.

LaTeX Font Info:    Checking defaults for OML/cmm/m/it on input line 17.
LaTeX Font Info:    ... okay on input line 17.
LaTeX Font Info:    Checking defaults for OMS/cmsy/m/n on input line 17.
LaTeX Font Info:    ... okay on input line 17.
LaTeX Font Info:    Checking defaults for OT1/cmr/m/n on input line 17.
LaTeX Font Info:    ... okay on input line 17.
LaTeX Font Info:    Checking defaults for T1/cmr/m/n on input line 17.
LaTeX Font Info:    ... okay on input line 17.
LaTeX Font Info:    Checking defaults for TS1/cmr/m/n on input line 17.
LaTeX Font Info:    ... okay on input line 17.
LaTeX Font Info:    Checking defaults for OMX/cmex/m/n on input line 17.
LaTeX Font Info:    ... okay on input line 17.
LaTeX Font Info:    Checking defaults for U/cmr/m/n on input line 17.
LaTeX Font Info:    ... okay on input line 17.
 (c:/Users/ymats/TinyTeX/texmf-dist/tex/latex/epstopdf-pkg/epstopdf-base.sty
Package: epstopdf-base 2020-01-24 v2.11 Base part for package epstopdf
Package epstopdf-base Info: Redefining graphics rule for `.eps' on input line 485.
 (c:/Users/ymats/TinyTeX/texmf-dist/tex/latex/latexconfig/epstopdf-sys.cfg
File: epstopdf-sys.cfg 2010/07/13 v1.3 Configuration of (r)epstopdf for TeX Live
))
\openout3 = `main_revised_colorplot_previewNotes.bib'.

LaTeX Font Info:    Trying to load font information for U+msa on input line 47.
 (c:/Users/ymats/TinyTeX/texmf-dist/tex/latex/amsfonts/umsa.fd
File: umsa.fd 2013/01/14 v3.01 AMS symbols A
)
LaTeX Font Info:    Trying to load font information for U+msb on input line 47.
 (c:/Users/ymats/TinyTeX/texmf-dist/tex/latex/amsfonts/umsb.fd
File: umsb.fd 2013/01/14 v3.01 AMS symbols B
) [1{c:/Users/ymats/TinyTeX/texmf-var/fonts/map/pdftex/updmap/pdftex.map}]
Underfull \hbox (badness 2799) in paragraph at lines 129--148
\OT1/cmr/m/n/10 berg equa-tions, $\OML/cmm/m/it/10 i@[]^^^ \OT1/cmr/m/n/10 = [\OML/cmm/m/it/10 ^^^; H[]\OT1/cmr/m/n/10 ]$ and $\OML/cmm/m/it/10 i@[]^^^[] \OT1/cmr/m/n/10 =
 []


Underfull \hbox (badness 1194) in paragraph at lines 150--158
\OT1/cmr/m/n/10 lattice re-al-iza-tion. To ob-tain the static Painlev^^Se--
 []

[2]
Underfull \hbox (badness 2334) in paragraph at lines 193--195
\OT1/cmr/m/n/10 time ge-om-e-try, is en-coded in the bond-dependent
 []


Overfull \hbox (4.90189pt too wide) detected at line 363
[]\OMS/cmsy/m/n/10 H\OT1/cmr/m/n/10 (\OML/cmm/m/it/10 ^^T\OT1/cmr/m/n/10 ) = [] [] \OML/cmm/m/it/10 :
 []

[3]
<figure/dispersion.png, id=30, 721.69624pt x 542.025pt>
File: figure/dispersion.png Graphic file (type png)
<use figure/dispersion.png>
Package pdftex.def Info: figure/dispersion.png  used on input line 433.
(pdftex.def)             Requested size: 246.0pt x 184.75748pt.
 [4 <./figure/dispersion.png>]
Underfull \hbox (badness 2846) in paragraph at lines 701--707
\OT1/cmr/m/n/10 The $\OML/cmm/m/it/10 p$\OT1/cmr/m/n/10 -dependent com-bi-na-tions are dis-crete sec-ond
 []


Underfull \hbox (badness 1024) in paragraph at lines 701--707
\OT1/cmr/m/n/10 deriva-tives. For suf-fi-ciently smooth low-momentum
 []

[5]
<../figure/new_layout/composites/fig02_p0_aplus.png, id=42, 505.89pt x 158.994pt>
File: ../figure/new_layout/composites/fig02_p0_aplus.png Graphic file (type png)
<use ../figure/new_layout/composites/fig02_p0_aplus.png>
Package pdftex.def Info: ../figure/new_layout/composites/fig02_p0_aplus.png  used on input line 1015.
(pdftex.def)             Requested size: 499.79782pt x 157.08188pt.
 [6]
<../figure/new_layout/composites/fig03_p0_aminus.png, id=46, 505.89pt x 158.994pt>
File: ../figure/new_layout/composites/fig03_p0_aminus.png Graphic file (type png)
<use ../figure/new_layout/composites/fig03_p0_aminus.png>
Package pdftex.def Info: ../figure/new_layout/composites/fig03_p0_aminus.png  used on input line 1071.
(pdftex.def)             Requested size: 499.79782pt x 157.08188pt.
<../figure/new_layout/composites/fig04_p1_aplus.png, id=47, 505.89pt x 158.994pt>
File: ../figure/new_layout/composites/fig04_p1_aplus.png Graphic file (type png)
<use ../figure/new_layout/composites/fig04_p1_aplus.png>
Package pdftex.def Info: ../figure/new_layout/composites/fig04_p1_aplus.png  used on input line 1099.
(pdftex.def)             Requested size: 499.79782pt x 157.08188pt.
<../figure/new_layout/composites/fig05_p1_aminus.png, id=48, 505.89pt x 158.994pt>
File: ../figure/new_layout/composites/fig05_p1_aminus.png Graphic file (type png)
<use ../figure/new_layout/composites/fig05_p1_aminus.png>
Package pdftex.def Info: ../figure/new_layout/composites/fig05_p1_aminus.png  used on input line 1127.
(pdftex.def)             Requested size: 499.79782pt x 157.08188pt.
<figure/doubler_fft_vertical.pdf, id=49, 242.10449pt x 361.35pt>
File: figure/doubler_fft_vertical.pdf Graphic file (type pdf)
<use figure/doubler_fft_vertical.pdf>
Package pdftex.def Info: figure/doubler_fft_vertical.pdf  used on input line 1169.
(pdftex.def)             Requested size: 246.0pt x 367.17715pt.
 [7 <../figure/new_layout/composites/fig02_p0_aplus.png>]
Underfull \hbox (badness 1867) in paragraph at lines 1264--1267
\OT1/cmr/m/n/10 For the mono-ton-i-cally in-creas-ing black-hole pro-file,
 []

[8 <../figure/new_layout/composites/fig03_p0_aminus.png>]
<figure/surface_gravity_vertical.pdf, id=61, 242.10449pt x 361.35pt>
File: figure/surface_gravity_vertical.pdf Graphic file (type pdf)
<use figure/surface_gravity_vertical.pdf>
Package pdftex.def Info: figure/surface_gravity_vertical.pdf  used on input line 1365.
(pdftex.def)             Requested size: 246.0pt x 367.17715pt.
 [9 <../figure/new_layout/composites/fig04_p1_aplus.png>]
<figure/WH_p=0.png, id=66, 492.03825pt x 192.59955pt>
File: figure/WH_p=0.png Graphic file (type png)
<use figure/WH_p=0.png>
Package pdftex.def Info: figure/WH_p=0.png  used on input line 1492.
(pdftex.def)             Requested size: 190.56073pt x 166.05075pt.
File: figure/WH_p=0.png Graphic file (type png)
<use figure/WH_p=0.png>
Package pdftex.def Info: figure/WH_p=0.png  used on input line 1492.
(pdftex.def)             Requested size: 52.44316pt x 166.05075pt.
File: figure/WH_p=0.png Graphic file (type png)
<use figure/WH_p=0.png>
Package pdftex.def Info: figure/WH_p=0.png  used on input line 1498.
(pdftex.def)             Requested size: 185.36835pt x 166.05075pt.
 [10 <../figure/new_layout/composites/fig05_p1_aminus.png>]

LaTeX Warning: A float is stuck (cannot be placed); try class option [floatfix] on input line 1585.

<figure/WH_p=1.png, id=74, 668.85886pt x 192.59955pt>
File: figure/WH_p=1.png Graphic file (type png)
<use figure/WH_p=1.png>
Package pdftex.def Info: figure/WH_p=1.png  used on input line 1611.
(pdftex.def)             Requested size: 117.65479pt x 135.14969pt.
File: figure/WH_p=1.png Graphic file (type png)
<use figure/WH_p=1.png>
Package pdftex.def Info: figure/WH_p=1.png  used on input line 1611.
(pdftex.def)             Requested size: 37.3588pt x 135.14969pt.
File: figure/WH_p=1.png Graphic file (type png)
<use figure/WH_p=1.png>
Package pdftex.def Info: figure/WH_p=1.png  used on input line 1619.
(pdftex.def)             Requested size: 118.33096pt x 135.14969pt.
File: figure/WH_p=1.png Graphic file (type png)
<use figure/WH_p=1.png>
Package pdftex.def Info: figure/WH_p=1.png  used on input line 1619.
(pdftex.def)             Requested size: 39.55637pt x 135.14969pt.
File: figure/WH_p=1.png Graphic file (type png)
<use figure/WH_p=1.png>
Package pdftex.def Info: figure/WH_p=1.png  used on input line 1627.
(pdftex.def)             Requested size: 117.48576pt x 135.14969pt.
File: figure/WH_p=1.png Graphic file (type png)
<use figure/WH_p=1.png>
Package pdftex.def Info: figure/WH_p=1.png  used on input line 1627.
(pdftex.def)             Requested size: 43.86697pt x 135.14969pt.
[11 <./figure/doubler_fft_vertical.pdf> <./figure/surface_gravity_vertical.pdf>]

LaTeX Warning: A float is stuck (cannot be placed); try class option [floatfix] on input line 1656.

[12 <./figure/WH_p=0.png>] (./main_revised_colorplot_preview.bbl [13 <./figure/WH_p=1.png>]
Underfull \hbox (badness 2452) in paragraph at lines 114--115
 \OT1/cmr/m/n/9 Sim-u-lat-ing quan-tum field the-o-ries with bound-aries
 []


Underfull \hbox (badness 10000) in paragraph at lines 114--115
 \OT1/cmr/m/n/9 in curved space-times us-ing open spin sys-tems,
 []


Underfull \hbox (badness 10000) in paragraph at lines 114--115
 \OT1/cmr/m/n/9 arXiv:2602.17935 10.48550/arXiv.2602.17935 (2026),
 []

) [14] (./main_revised_colorplot_preview.aux)
 ***********
LaTeX2e <2025-11-01>
L3 programming layer <2026-03-20>
 ***********
 ) 
Here is how much of TeX's memory you used:
 5337 strings out of 469339
 78208 string characters out of 5464316
 528376 words of memory out of 5000000
 34103 multiletter control sequences out of 15000+600000
 642399 words of font info for 93 fonts, out of 8000000 for 9000
 14 hyphenation exceptions out of 8191
 71i,12n,79p,2730b,418s stack positions out of 10000i,1000n,20000p,200000b,200000s
<c:/Users/ymats/TinyTeX/texmf-dist/fonts/type1/public/amsfonts/cm/cmbx10.pfb><c:/Users/ymats/TinyTeX/texmf-dist/fonts/type1/public/amsfonts/cm/cmbx12.pfb><c:/Users/ymats/TinyTeX/texmf-dist/fonts/type1/public/amsfonts/cm/cmbx9.pfb><c:/Users/ymats/TinyTeX/texmf-dist/fonts/type1/public/amsfonts/cm/cmex10.pfb><c:/Users/ymats/TinyTeX/texmf-dist/fonts/type1/public/amsfonts/cm/cmmi10.pfb><c:/Users/ymats/TinyTeX/texmf-dist/fonts/type1/public/amsfonts/cm/cmmi5.pfb><c:/Users/ymats/TinyTeX/texmf-dist/fonts/type1/public/amsfonts/cm/cmmi6.pfb><c:/Users/ymats/TinyTeX/texmf-dist/fonts/type1/public/amsfonts/cm/cmmi7.pfb><c:/Users/ymats/TinyTeX/texmf-dist/fonts/type1/public/amsfonts/cm/cmmi9.pfb><c:/Users/ymats/TinyTeX/texmf-dist/fonts/type1/public/amsfonts/cm/cmr10.pfb><c:/Users/ymats/TinyTeX/texmf-dist/fonts/type1/public/amsfonts/cm/cmr5.pfb><c:/Users/ymats/TinyTeX/texmf-dist/fonts/type1/public/amsfonts/cm/cmr6.pfb><c:/Users/ymats/TinyTeX/texmf-dist/fonts/type1/public/amsfonts/cm/cmr7.pfb><c:/Users/ymats/TinyTeX/texmf-dist/fonts/type1/public/amsfonts/cm/cmr8.pfb><c:/Users/ymats/TinyTeX/texmf-dist/fonts/type1/public/amsfonts/cm/cmr9.pfb><c:/Users/ymats/TinyTeX/texmf-dist/fonts/type1/public/amsfonts/cm/cmss8.pfb><c:/Users/ymats/TinyTeX/texmf-dist/fonts/type1/public/amsfonts/cm/cmsy10.pfb><c:/Users/ymats/TinyTeX/texmf-dist/fonts/type1/public/amsfonts/cm/cmsy5.pfb><c:/Users/ymats/TinyTeX/texmf-dist/fonts/type1/public/amsfonts/cm/cmsy6.pfb><c:/Users/ymats/TinyTeX/texmf-dist/fonts/type1/public/amsfonts/cm/cmsy7.pfb><c:/Users/ymats/TinyTeX/texmf-dist/fonts/type1/public/amsfonts/cm/cmsy9.pfb><c:/Users/ymats/TinyTeX/texmf-dist/fonts/type1/public/amsfonts/cm/cmti10.pfb><c:/Users/ymats/TinyTeX/texmf-dist/fonts/type1/public/amsfonts/cm/cmti9.pfb>
Output written on main_revised_colorplot_preview.pdf (14 pages, 2217834 bytes).
PDF statistics:
 234 PDF objects out of 1000 (max. 8388607)
 130 compressed objects within 2 object streams
 0 named destinations out of 1000 (max. 500000)
 100 words of extra memory for PDF output out of 10000 (max. 10000000)

